Microsoft Windows [versão 10.0.16299.125]
(c) 2017 Microsoft Corporation. Todos os direitos reservados.

C:\Users\user>heroku --version
heroku/7.0.41 win32-x64 node-v10.1.0

C:\Users\user>heroku login
heroku: Enter your login credentials
Email: henrique.prosa@hotmail.com
Password: **********
Logged in as henrique.prosa@hotmail.com

C:\Users\user>cd C:\Dev\software\algaWorks\springBootIntro\SpringBootIntro

C:\Dev\software\algaWorks\springBootIntro\SpringBootIntro>heroku create springbootintro
Creating ⬢ springbootintro... done
https://springbootintro.herokuapp.com/ | https://git.heroku.com/springbootintro.git

C:\Dev\software\algaWorks\springBootIntro\SpringBootIntro>heroku addons:create jawsdb
 »   Error: Missing required flag:
 »     -a, --app APP  app to run command against
 »   See more help with --help

C:\Dev\software\algaWorks\springBootIntro\SpringBootIntro>heroku addons:create jawsdb -app
Creating jawsdb on ⬢ pp... !
 !    Couldn't find that app.

C:\Dev\software\algaWorks\springBootIntro\SpringBootIntro>heroku addons:create jawsdb -a
 »   Error: Flag --app expects a value

C:\Dev\software\algaWorks\springBootIntro\SpringBootIntro>heroku addons:create jawsdb --springbootintro
 »   Error: Missing required flag:
 »     -a, --app APP  app to run command against
 »   See more help with --help

C:\Dev\software\algaWorks\springBootIntro\SpringBootIntro>heroku addons:create jawsdb --app springbootintro
Creating jawsdb on ⬢ springbootintro... !
 !    Please verify your account to install this add-on plan (please enter a credit card) For more information, see
 !    https://devcenter.heroku.com/categories/billing Verify now at https://heroku.com/verify

C:\Dev\software\algaWorks\springBootIntro\SpringBootIntro>heroku addons:create jawsdb --app springbootintro
Creating jawsdb on ⬢ springbootintro... free
Database is being provisioned. Your config_var will be set automatically once available.
Created jawsdb-lively-32663 as JAWSDB_URL
Use heroku addons:docs jawsdb to view documentation

C:\Dev\software\algaWorks\springBootIntro\SpringBootIntro>heroku config:get JAWSDB_URL
 »   Error: Missing required flag:
 »     -a, --app APP  app to run command against
 »   See more help with --help

C:\Dev\software\algaWorks\springBootIntro\SpringBootIntro>heroku config:get JAWSDB_URL --app springbootintro
mysql://er238o0d8ay06hki:r2ier8p7gbg4eyc1@s0znzigqvfehvff5.cbetxkdyhwsb.us-east-1.rds.amazonaws.com:3306/ojwjy5labpg1ujoe

C:\Dev\software\algaWorks\springBootIntro\SpringBootIntro>heroku config:set JDBC_DATABASE_URL=jdbc:mysql://s0znzigqvfehvff5.cbetxkdyhwsb.us-east-1.rds.amazonaws.com:3306/ojwjy5labpg1ujoe JDBC_DATABASE_USERNAME=er238o0d8ay06hki JDBC_DATABASE_PASSWORD=r2ier8p7gbg4eyc1
 »   Error: Missing required flag:
 »     -a, --app APP  app to run command against
 »   See more help with --help

C:\Dev\software\algaWorks\springBootIntro\SpringBootIntro>heroku config:set JDBC_DATABASE_URL=jdbc:mysql://s0znzigqvfehvff5.cbetxkdyhwsb.us-east-1.rds.amazonaws.com:3306/ojwjy5labpg1ujoe JDBC_DATABASE_USERNAME=er238o0d8ay06hki JDBC_DATABASE_PASSWORD=r2ier8p7gbg4eyc1 --app springbootintro
Setting JDBC_DATABASE_URL, JDBC_DATABASE_USERNAME, JDBC_DATABASE_PASSWORD and restarting ⬢ springbootintro... done, v5
JDBC_DATABASE_PASSWORD: r2ier8p7gbg4eyc1
JDBC_DATABASE_URL:      jdbc:mysql://s0znzigqvfehvff5.cbetxkdyhwsb.us-east-1.rds.amazonaws.com:3306/ojwjy5labpg1ujoe
JDBC_DATABASE_USERNAME: er238o0d8ay06hki

C:\Dev\software\algaWorks\springBootIntro\SpringBootIntro>heroku config
 »   Error: Missing required flag:
 »     -a, --app APP  app to run command against
 »   See more help with --help

C:\Dev\software\algaWorks\springBootIntro\SpringBootIntro>heroku config --app springbootintro
=== springbootintro Config Vars
JAWSDB_URL:             mysql://er238o0d8ay06hki:r2ier8p7gbg4eyc1@s0znzigqvfehvff5.cbetxkdyhwsb.us-east-1.rds.amazonaws.com:3306/ojwjy5labpg1ujoe
JDBC_DATABASE_PASSWORD: r2ier8p7gbg4eyc1
JDBC_DATABASE_URL:      jdbc:mysql://s0znzigqvfehvff5.cbetxkdyhwsb.us-east-1.rds.amazonaws.com:3306/ojwjy5labpg1ujoe
JDBC_DATABASE_USERNAME: er238o0d8ay06hki

C:\Dev\software\algaWorks\springBootIntro\SpringBootIntro>git push heroku master --app springbootintro
error: unknown option `app'
usage: git push [<options>] [<repository> [<refspec>...]]

    -v, --verbose         be more verbose
    -q, --quiet           be more quiet
    --repo <repository>   repository
    --all                 push all refs
    --mirror              mirror all refs
    -d, --delete          delete refs
    --tags                push tags (can't be used with --all or --mirror)
    -n, --dry-run         dry run
    --porcelain           machine-readable output
    -f, --force           force updates
    --force-with-lease[=<refname>:<expect>]
                          require old value of ref to be at this value
    --recurse-submodules[=<check|on-demand|no>]
                          control recursive pushing of submodules
    --thin                use thin pack
    --receive-pack <receive-pack>
                          receive pack program
    --exec <receive-pack>
                          receive pack program
    -u, --set-upstream    set upstream for git pull/status
    --progress            force progress reporting
    --prune               prune locally removed refs
    --no-verify           bypass pre-push hook
    --follow-tags         push missing but relevant tags
    --signed[=<yes|no|if-asked>]
                          GPG sign the push
    --atomic              request atomic transaction on remote side
    -o, --push-option <server-specific>
                          option to transmit
    -4, --ipv4            use IPv4 addresses only
    -6, --ipv6            use IPv6 addresses only


C:\Dev\software\algaWorks\springBootIntro\SpringBootIntro>git push heroku master
fatal: 'heroku' does not appear to be a git repository
fatal: Could not read from remote repository.

Please make sure you have the correct access rights
and the repository exists.

C:\Dev\software\algaWorks\springBootIntro\SpringBootIntro>heroku config --app springbootintro
=== springbootintro Config Vars
JAWSDB_URL:             mysql://er238o0d8ay06hki:r2ier8p7gbg4eyc1@s0znzigqvfehvff5.cbetxkdyhwsb.us-east-1.rds.amazonaws.com:3306/ojwjy5labpg1ujoe
JDBC_DATABASE_PASSWORD: r2ier8p7gbg4eyc1
JDBC_DATABASE_URL:      jdbc:mysql://s0znzigqvfehvff5.cbetxkdyhwsb.us-east-1.rds.amazonaws.com:3306/ojwjy5labpg1ujoe
JDBC_DATABASE_USERNAME: er238o0d8ay06hki

C:\Dev\software\algaWorks\springBootIntro\SpringBootIntro>heroku --version
heroku/7.0.41 win32-x64 node-v10.1.0

C:\Dev\software\algaWorks\springBootIntro\SpringBootIntro>git push heroku master
fatal: 'heroku' does not appear to be a git repository
fatal: Could not read from remote repository.

Please make sure you have the correct access rights
and the repository exists.

C:\Dev\software\algaWorks\springBootIntro\SpringBootIntro>git push https://git.heroku.com/springbootintro.git
Counting objects: 1057, done.
Delta compression using up to 4 threads.
Compressing objects: 100% (733/733), done.
Writing objects: 100% (1057/1057), 24.49 MiB | 43.00 KiB/s, done.
Total 1057 (delta 457), reused 254 (delta 119)
remote: Compressing source files... done.
remote: Building source:
remote:
remote: !       Heroku Git error, please try again shortly.
remote: !       See http://status.heroku.com for current Heroku platform status.
remote: !       If the problem persists, please open a ticket
remote: !       on https://help.heroku.com/tickets/new
remote: !       and provide the Request ID 978480cc-81cd-4961-bddf-8f409cec6a4a
remote:
To https://git.heroku.com/springbootintro.git
 ! [remote rejected] master -> master (pre-receive hook declined)
error: failed to push some refs to 'https://git.heroku.com/springbootintro.git'

C:\Dev\software\algaWorks\springBootIntro\SpringBootIntro>git push https://git.heroku.com/springbootintro.git
Counting objects: 1065, done.
Delta compression using up to 4 threads.
Compressing objects: 100% (741/741), done.
Writing objects: 100% (1065/1065), 24.49 MiB | 46.00 KiB/s, done.
Total 1065 (delta 460), reused 254 (delta 119)
remote: Compressing source files... done.
remote: Building source:
remote:
remote: !       Heroku Git error, please try again shortly.
remote: !       See http://status.heroku.com for current Heroku platform status.
remote: !       If the problem persists, please open a ticket
remote: !       on https://help.heroku.com/tickets/new
remote: !       and provide the Request ID 1304edb3-c6a6-4029-b154-cd4fa478e464
remote:
To https://git.heroku.com/springbootintro.git
 ! [remote rejected] master -> master (pre-receive hook declined)
error: failed to push some refs to 'https://git.heroku.com/springbootintro.git'

C:\Dev\software\algaWorks\springBootIntro\SpringBootIntro>git init
Initialized empty Git repository in C:/Dev/software/algaWorks/springBootIntro/SpringBootIntro/.git/

C:\Dev\software\algaWorks\springBootIntro\SpringBootIntro>git add .
warning: LF will be replaced by CRLF in nb-configuration.xml.
The file will have its original line endings in your working directory.
warning: LF will be replaced by CRLF in src/main/java/com/example/BasicApplication.java.
The file will have its original line endings in your working directory.
warning: LF will be replaced by CRLF in src/main/resources/Procfile.
The file will have its original line endings in your working directory.
warning: LF will be replaced by CRLF in src/main/resources/ValidationMessages.properties.
The file will have its original line endings in your working directory.
warning: LF will be replaced by CRLF in src/main/resources/application-release.properties.
The file will have its original line endings in your working directory.
warning: LF will be replaced by CRLF in src/test/java/com/example/BasicApplicationTests.java.
The file will have its original line endings in your working directory.
warning: LF will be replaced by CRLF in target/classes/Procfile.
The file will have its original line endings in your working directory.
warning: LF will be replaced by CRLF in target/classes/ValidationMessages.properties.
The file will have its original line endings in your working directory.
warning: LF will be replaced by CRLF in target/classes/application-release.properties.
The file will have its original line endings in your working directory.
warning: LF will be replaced by CRLF in target/maven-status/maven-compiler-plugin/testCompile/default-testCompile/createdFiles.lst.
The file will have its original line endings in your working directory.
warning: LF will be replaced by CRLF in target/surefire-reports/TEST-com.example.BasicApplicationTests.xml.
The file will have its original line endings in your working directory.
warning: LF will be replaced by CRLF in target/surefire-reports/com.example.BasicApplicationTests.txt.
The file will have its original line endings in your working directory.

C:\Dev\software\algaWorks\springBootIntro\SpringBootIntro>git commit -m "Adding Files on WEB - HEROKU"
[master (root-commit) 17f99da] Adding Files on WEB - HEROKU
 115 files changed, 3735 insertions(+)
 create mode 100644 nb-configuration.xml
 create mode 100644 nbactions.xml
 create mode 100644 pom.xml
 create mode 100644 src/main/java/com/example/BasicApplication.java
 create mode 100644 src/main/java/com/example/config/AuthorizationServerConfig.java
 create mode 100644 src/main/java/com/example/config/ResourceServerConfig.java
 create mode 100644 src/main/java/com/example/config/property/ApiProperty.java
 create mode 100644 src/main/java/com/example/cors/CorsFilter.java
 create mode 100644 src/main/java/com/example/event/RecursoCriadoEvent.java
 create mode 100644 src/main/java/com/example/event/listener/RecursoCriadoListener.java
 create mode 100644 src/main/java/com/example/exceptionHandler/ApiExceptionHandler.java
 create mode 100644 src/main/java/com/example/model/Categoria.java
 create mode 100644 src/main/java/com/example/model/Endereco.java
 create mode 100644 src/main/java/com/example/model/Lancamento.java
 create mode 100644 src/main/java/com/example/model/Permissao.java
 create mode 100644 src/main/java/com/example/model/Personagem.java
 create mode 100644 src/main/java/com/example/model/Pessoa.java
 create mode 100644 src/main/java/com/example/model/TipoLancamento.java
 create mode 100644 src/main/java/com/example/model/Usuario.java
 create mode 100644 src/main/java/com/example/repository/CategoriaRepository.java
 create mode 100644 src/main/java/com/example/repository/LancamentoRepository.java
 create mode 100644 src/main/java/com/example/repository/PersonagemRepository.java
 create mode 100644 src/main/java/com/example/repository/PessoaRepository.java
 create mode 100644 src/main/java/com/example/repository/UsuarioRepository.java
 create mode 100644 src/main/java/com/example/repository/filter/LancamentoFilter.java
 create mode 100644 src/main/java/com/example/repository/lancamento/LancamentoRepositoryImpl.java
 create mode 100644 src/main/java/com/example/repository/lancamento/LancamentoRepositoryQuery.java
 create mode 100644 src/main/java/com/example/repository/projection/ResumoLancamento.java
 create mode 100644 src/main/java/com/example/resource/CategoriaResource.java
 create mode 100644 src/main/java/com/example/resource/LancamentoResource.java
 create mode 100644 src/main/java/com/example/resource/PersonagemResource.java
 create mode 100644 src/main/java/com/example/resource/PessoaResource.java
 create mode 100644 src/main/java/com/example/resource/TokenResource.java
 create mode 100644 src/main/java/com/example/security/AppUserDetailsService.java
 create mode 100644 src/main/java/com/example/service/LancamentoService.java
 create mode 100644 src/main/java/com/example/service/PessoaService.java
 create mode 100644 src/main/java/com/example/service/exception/PessoaInexistenteOuInativaException.java
 create mode 100644 src/main/java/com/example/token/RefreshTokenCookiePreProcessorFilter.java
 create mode 100644 src/main/java/com/example/token/RefreshTokenPostProcessor.java
 create mode 100644 src/main/java/com/example/token/wrapper/MyServLetRequestWrapper.java
 create mode 100644 src/main/resources/Procfile
 create mode 100644 src/main/resources/ValidationMessages.properties
 create mode 100644 src/main/resources/application-release.properties
 create mode 100644 src/main/resources/application.properties
 create mode 100644 src/main/resources/db/migration/V001__criar_e_registrar_personagens.sql
 create mode 100644 src/main/resources/db/migration/V002__criar_e_registrar_pessoas.sql
 create mode 100644 src/main/resources/db/migration/V003__criar_e_registrar_categorias.sql
 create mode 100644 src/main/resources/db/migration/V004__criar_e_registrar_lancamentos.sql
 create mode 100644 src/main/resources/db/migration/V005__criar_e_registrar_usuarios_e_permissoes.sql
 create mode 100644 src/main/resources/messages.properties
 create mode 100644 src/test/java/com/example/BasicApplicationTests.java
 create mode 100644 target/SpringBootIntro-0.0.1-SNAPSHOT.jar
 create mode 100644 target/SpringBootIntro-0.0.1-SNAPSHOT.jar.original
 create mode 100644 target/basic-0.0.1-SNAPSHOT.jar
 create mode 100644 target/basic-0.0.1-SNAPSHOT.jar.original
 create mode 100644 target/classes/.nbRestartTrigger
 create mode 100644 target/classes/.netbeans_automatic_build
 create mode 100644 target/classes/Procfile
 create mode 100644 target/classes/ValidationMessages.properties
 create mode 100644 target/classes/application-release.properties
 create mode 100644 target/classes/application.properties
 create mode 100644 target/classes/com/example/BasicApplication.class
 create mode 100644 target/classes/com/example/config/AuthorizationServerConfig.class
 create mode 100644 target/classes/com/example/config/ResourceServerConfig.class
 create mode 100644 target/classes/com/example/config/property/ApiProperty$Security.class
 create mode 100644 target/classes/com/example/config/property/ApiProperty.class
 create mode 100644 target/classes/com/example/cors/CorsFilter.class
 create mode 100644 target/classes/com/example/event/RecursoCriadoEvent.class
 create mode 100644 target/classes/com/example/event/listener/RecursoCriadoListener.class
 create mode 100644 target/classes/com/example/exceptionHandler/ApiExceptionHandler$Erro.class
 create mode 100644 target/classes/com/example/exceptionHandler/ApiExceptionHandler.class
 create mode 100644 target/classes/com/example/model/Categoria.class
 create mode 100644 target/classes/com/example/model/Endereco.class
 create mode 100644 target/classes/com/example/model/Lancamento.class
 create mode 100644 target/classes/com/example/model/Permissao.class
 create mode 100644 target/classes/com/example/model/Personagem.class
 create mode 100644 target/classes/com/example/model/Pessoa.class
 create mode 100644 target/classes/com/example/model/TipoLancamento.class
 create mode 100644 target/classes/com/example/model/Usuario.class
 create mode 100644 target/classes/com/example/repository/CategoriaRepository.class
 create mode 100644 target/classes/com/example/repository/LancamentoRepository.class
 create mode 100644 target/classes/com/example/repository/PersonagemRepository.class
 create mode 100644 target/classes/com/example/repository/PessoaRepository.class
 create mode 100644 target/classes/com/example/repository/UsuarioRepository.class
 create mode 100644 target/classes/com/example/repository/filter/LancamentoFilter.class
 create mode 100644 target/classes/com/example/repository/lancamento/LancamentoRepositoryImpl.class
 create mode 100644 target/classes/com/example/repository/lancamento/LancamentoRepositoryQuery.class
 create mode 100644 target/classes/com/example/repository/projection/ResumoLancamento.class
 create mode 100644 target/classes/com/example/resource/CategoriaResource.class
 create mode 100644 target/classes/com/example/resource/LancamentoResource.class
 create mode 100644 target/classes/com/example/resource/PersonagemResource.class
 create mode 100644 target/classes/com/example/resource/PessoaResource.class
 create mode 100644 target/classes/com/example/resource/TokenResource.class
 create mode 100644 target/classes/com/example/security/AppUserDetailsService.class
 create mode 100644 target/classes/com/example/service/LancamentoService.class
 create mode 100644 target/classes/com/example/service/PessoaService.class
 create mode 100644 target/classes/com/example/service/exception/PessoaInexistenteOuInativaException.class
 create mode 100644 target/classes/com/example/token/RefreshTokenCookiePreProcessorFilter.class
 create mode 100644 target/classes/com/example/token/RefreshTokenPostProcessor.class
 create mode 100644 target/classes/com/example/token/wrapper/MyServLetRequestWrapper.class
 create mode 100644 target/classes/db/migration/V001__criar_e_registrar_personagens.sql
 create mode 100644 target/classes/db/migration/V002__criar_e_registrar_pessoas.sql
 create mode 100644 target/classes/db/migration/V003__criar_e_registrar_categorias.sql
 create mode 100644 target/classes/db/migration/V004__criar_e_registrar_lancamentos.sql
 create mode 100644 target/classes/db/migration/V005__criar_e_registrar_usuarios_e_permissoes.sql
 create mode 100644 target/classes/messages.properties
 create mode 100644 target/maven-archiver/pom.properties
 create mode 100644 target/maven-status/maven-compiler-plugin/compile/default-compile/createdFiles.lst
 create mode 100644 target/maven-status/maven-compiler-plugin/compile/default-compile/inputFiles.lst
 create mode 100644 target/maven-status/maven-compiler-plugin/testCompile/default-testCompile/createdFiles.lst
 create mode 100644 target/maven-status/maven-compiler-plugin/testCompile/default-testCompile/inputFiles.lst
 create mode 100644 target/surefire-reports/TEST-com.example.BasicApplicationTests.xml
 create mode 100644 target/surefire-reports/com.example.BasicApplicationTests.txt
 create mode 100644 target/test-classes/.netbeans_automatic_build
 create mode 100644 target/test-classes/com/example/BasicApplicationTests.class

C:\Dev\software\algaWorks\springBootIntro\SpringBootIntro>git push heroku master
fatal: 'heroku' does not appear to be a git repository
fatal: Could not read from remote repository.

Please make sure you have the correct access rights
and the repository exists.

C:\Dev\software\algaWorks\springBootIntro\SpringBootIntro>git push https://git.heroku.com/springbootintro.git
fatal: The current branch master has no upstream branch.
To push the current branch and set the remote as upstream, use

    git push --set-upstream https://git.heroku.com/springbootintro.git master


C:\Dev\software\algaWorks\springBootIntro\SpringBootIntro>git push --set-upstream https://git.heroku.com/springbootintro.git
fatal: The current branch master has no upstream branch.
To push the current branch and set the remote as upstream, use

    git push --set-upstream https://git.heroku.com/springbootintro.git master


C:\Dev\software\algaWorks\springBootIntro\SpringBootIntro>git push --set-upstream https://git.heroku.com/springbootintro.git master
Counting objects: 166, done.
Delta compression using up to 4 threads.
Compressing objects: 100% (146/146), done.
Writing objects: 100% (166/166), 24.60 MiB | 46.00 KiB/s, done.
Total 166 (delta 27), reused 0 (delta 0)
remote: Compressing source files... done.
remote: Building source:
remote:
remote: !       Heroku Git error, please try again shortly.
remote: !       See http://status.heroku.com for current Heroku platform status.
remote: !       If the problem persists, please open a ticket
remote: !       on https://help.heroku.com/tickets/new
remote: !       and provide the Request ID 62ed53be-0d2a-4291-9c51-b62ad401aac5
remote:
To https://git.heroku.com/springbootintro.git
 ! [remote rejected] master -> master (pre-receive hook declined)
error: failed to push some refs to 'https://git.heroku.com/springbootintro.git'

C:\Dev\software\algaWorks\springBootIntro\SpringBootIntro>heroku restart
 »   Error: Missing required flag:
 »     -a, --app APP  app to run command against
 »   See more help with --help

C:\Dev\software\algaWorks\springBootIntro\SpringBootIntro>heroku restart --app springbootintro
Restarting dynos on ⬢ springbootintro... done

C:\Dev\software\algaWorks\springBootIntro\SpringBootIntro>git push heroku master
fatal: 'heroku' does not appear to be a git repository
fatal: Could not read from remote repository.

Please make sure you have the correct access rights
and the repository exists.

C:\Dev\software\algaWorks\springBootIntro\SpringBootIntro>git push https://git.heroku.com/springbootintro.git
fatal: The current branch master has no upstream branch.
To push the current branch and set the remote as upstream, use

    git push --set-upstream https://git.heroku.com/springbootintro.git master


C:\Dev\software\algaWorks\springBootIntro\SpringBootIntro>git push --set-upstream https://git.heroku.com/springbootintro.git master
Counting objects: 166, done.
Delta compression using up to 4 threads.
Compressing objects: 100% (146/146), done.
Writing objects:  50% (84/166), 10.64 MiB | 42.00 KiB/s